2026-09-08 13:44:43 [INFO] === Scraper run started ===
2026-09-08 13:44:43 [INFO] Starting download: https://raw.githubusercontent.com/shibilvp862/shibilvpm3uplaylist/main/Sports%20Backup.m3u
2026-09-08 13:44:43 [INFO] Download successful
2026-09-08 13:44:43 [INFO] Playlist saved to stv6.m3u
2026-09-08 13:44:43 [INFO] === Scraper run finished ===
2026-09-08 13:48:16 [INFO] === Scraper run started ===
2026-09-08 13:48:16 [INFO] Starting download: https://raw.githubusercontent.com/shibilvp862/shibilvpm3uplaylist/main/Sports%20Backup.m3u
2026-09-08 13:48:16 [INFO] Download successful
2026-09-08 13:48:16 [INFO] Playlist saved to stv6.m3u with header #EXTM3U
2026-09-08 13:48:16 [INFO] === Scraper run finished ===
2026-09-08 20:45:37 [INFO] === Scraper run started ===
2026-09-08 20:45:37 [INFO] Starting download: https://raw.githubusercontent.com/shibilvp862/shibilvpm3uplaylist/main/Sports%20Backup.m3u
2026-09-08 20:45:37 [INFO] Download successful
2026-09-08 20:45:37 [INFO] Playlist saved to stv6.m3u with header #EXTM3U
2026-09-08 20:45:37 [INFO] === Scraper run finished ===
2026-09-09 03:16:09 [INFO] === Scraper run started ===
2026-09-09 03:16:09 [INFO] Starting download: https://raw.githubusercontent.com/shibilvp862/shibilvpm3uplaylist/main/Sports%20Backup.m3u
2026-09-09 03:16:09 [INFO] Download successful
2026-09-09 03:16:09 [INFO] Playlist saved to stv6.m3u with header #EXTM3U
2026-09-09 03:16:09 [INFO] === Scraper run finished ===
2026-09-09 10:48:56 [INFO] === Scraper run started ===
2026-09-09 10:48:56 [INFO] Starting download: https://raw.githubusercontent.com/shibilvp862/shibilvpm3uplaylist/main/Sports%20Backup.m3u
2026-09-09 10:48:56 [INFO] Download successful
2026-09-09 10:48:56 [INFO] Playlist saved to stv6.m3u with header #EXTM3U
2026-09-09 10:48:56 [INFO] === Scraper run finished ===
2026-09-09 15:58:27 [INFO] === Scraper run started ===
2026-09-09 15:58:27 [INFO] Starting download: https://raw.githubusercontent.com/shibilvp862/shibilvpm3uplaylist/main/Sports%20Backup.m3u
2026-09-09 15:58:28 [INFO] Download successful
2026-09-09 15:58:28 [INFO] Playlist saved to stv6.m3u with header #EXTM3U
2026-09-09 15:58:28 [INFO] === Scraper run finished ===
2026-09-09 20:28:40 [INFO] === Scraper run started ===
2026-09-09 20:28:40 [INFO] Starting download: https://raw.githubusercontent.com/shibilvp862/shibilvpm3uplaylist/main/Sports%20Backup.m3u
2026-09-09 20:28:41 [INFO] Download successful
2026-09-09 20:28:41 [INFO] Playlist saved to stv6.m3u with header #EXTM3U
2026-09-09 20:28:41 [INFO] === Scraper run finished ===
2026-09-10 03:15:44 [INFO] === Scraper run started ===
2026-09-10 03:15:44 [INFO] Starting download: https://raw.githubusercontent.com/shibilvp862/shibilvpm3uplaylist/main/Sports%20Backup.m3u
2026-09-10 03:15:44 [INFO] Download successful
2026-09-10 03:15:44 [INFO] Playlist saved to stv6.m3u with header #EXTM3U
2026-09-10 03:15:44 [INFO] === Scraper run finished ===
2026-09-10 10:41:55 [INFO] === Scraper run started ===
2026-09-10 10:41:55 [INFO] Starting download: https://raw.githubusercontent.com/shibilvp862/shibilvpm3uplaylist/main/Sports%20Backup.m3u
2026-09-10 10:41:55 [INFO] Download successful
2026-09-10 10:41:55 [INFO] Playlist saved to stv6.m3u with header #EXTM3U
2026-09-10 10:41:55 [INFO] === Scraper run finished ===
2026-09-10 15:53:14 [INFO] === Scraper run started ===
2026-09-10 15:53:14 [INFO] Starting download: https://raw.githubusercontent.com/shibilvp862/shibilvpm3uplaylist/main/Sports%20Backup.m3u
2026-09-10 15:53:14 [INFO] Download successful
2026-09-10 15:53:14 [INFO] Playlist saved to stv6.m3u with header #EXTM3U
2026-09-10 15:53:14 [INFO] === Scraper run finished ===
2026-09-10 20:27:39 [INFO] === Scraper run started ===
2026-09-10 20:27:39 [INFO] Starting download: https://raw.githubusercontent.com/shibilvp862/shibilvpm3uplaylist/main/Sports%20Backup.m3u
2026-09-10 20:27:39 [INFO] Download successful
2026-09-10 20:27:39 [INFO] Playlist saved to stv6.m3u with header #EXTM3U
2026-09-10 20:27:39 [INFO] === Scraper run finished ===
2026-09-11 03:11:20 [INFO] === Scraper run started ===
2026-09-11 03:11:20 [INFO] Starting download: https://raw.githubusercontent.com/shibilvp862/shibilvpm3uplaylist/main/Sports%20Backup.m3u
2026-09-11 03:11:20 [INFO] Download successful
2026-09-11 03:11:20 [INFO] Playlist saved to stv6.m3u with header #EXTM3U
2026-09-11 03:11:20 [INFO] === Scraper run finished ===
2026-09-11 10:40:25 [INFO] === Scraper run started ===
2026-09-11 10:40:25 [INFO] Starting download: https://raw.githubusercontent.com/shibilvp862/shibilvpm3uplaylist/main/Sports%20Backup.m3u
2026-09-11 10:40:25 [INFO] Download successful
2026-09-11 10:40:25 [INFO] Playlist saved to stv6.m3u with header #EXTM3U
2026-09-11 10:40:25 [INFO] === Scraper run finished ===
2026-09-11 15:55:28 [INFO] === Scraper run started ===
2026-09-11 15:55:28 [INFO] Starting download: https://raw.githubusercontent.com/shibilvp862/shibilvpm3uplaylist/main/Sports%20Backup.m3u
2026-09-11 15:55:28 [INFO] Download successful
2026-09-11 15:55:28 [INFO] Playlist saved to stv6.m3u with header #EXTM3U
2026-09-11 15:55:28 [INFO] === Scraper run finished ===
2026-09-11 20:30:26 [INFO] === Scraper run started ===
2026-09-11 20:30:26 [INFO] Starting download: https://raw.githubusercontent.com/shibilvp862/shibilvpm3uplaylist/main/Sports%20Backup.m3u
2026-09-11 20:30:26 [INFO] Download successful
2026-09-11 20:30:26 [INFO] Playlist saved to stv6.m3u with header #EXTM3U
2026-09-11 20:30:26 [INFO] === Scraper run finished ===
2026-09-12 03:17:42 [INFO] === Scraper run started ===
2026-09-12 03:17:42 [INFO] Starting download: https://raw.githubusercontent.com/shibilvp862/shibilvpm3uplaylist/main/Sports%20Backup.m3u
2026-09-12 03:17:42 [INFO] Download successful
2026-09-12 03:17:42 [INFO] Playlist saved to stv6.m3u with header #EXTM3U
2026-09-12 03:17:42 [INFO] === Scraper run finished ===
2026-09-12 10:09:39 [INFO] === Scraper run started ===
2026-09-12 10:09:39 [INFO] Starting download: https://raw.githubusercontent.com/shibilvp862/shibilvpm3uplaylist/main/Sports%20Backup.m3u
2026-09-12 10:09:39 [INFO] Download successful
2026-09-12 10:09:39 [INFO] Playlist saved to stv6.m3u with header #EXTM3U
2026-09-12 10:09:39 [INFO] === Scraper run finished ===
2026-09-12 15:03:05 [INFO] === Scraper run started ===
2026-09-12 15:03:05 [INFO] Starting download: https://raw.githubusercontent.com/shibilvp862/shibilvpm3uplaylist/main/Sports%20Backup.m3u
2026-09-12 15:03:05 [INFO] Download successful
2026-09-12 15:03:05 [INFO] Playlist saved to stv6.m3u with header #EXTM3U
2026-09-12 15:03:05 [INFO] === Scraper run finished ===
2026-09-12 20:13:41 [INFO] === Scraper run started ===
2026-09-12 20:13:41 [INFO] Starting download: https://raw.githubusercontent.com/shibilvp862/shibilvpm3uplaylist/main/Sports%20Backup.m3u
2026-09-12 20:13:41 [INFO] Download successful
2026-09-12 20:13:41 [INFO] Playlist saved to stv6.m3u with header #EXTM3U
2026-09-12 20:13:41 [INFO] === Scraper run finished ===
2026-09-13 03:22:02 [INFO] === Scraper run started ===
2026-09-13 03:22:02 [INFO] Starting download: https://raw.githubusercontent.com/shibilvp862/shibilvpm3uplaylist/main/Sports%20Backup.m3u
2026-09-13 03:22:02 [INFO] Download successful
2026-09-13 03:22:02 [INFO] Playlist saved to stv6.m3u with header #EXTM3U
2026-09-13 03:22:02 [INFO] === Scraper run finished ===
2026-09-13 11:09:02 [INFO] === Scraper run started ===
2026-09-13 11:09:02 [INFO] Starting download: https://raw.githubusercontent.com/shibilvp862/shibilvpm3uplaylist/main/Sports%20Backup.m3u
2026-09-13 11:09:02 [INFO] Download successful
2026-09-13 11:09:02 [INFO] Playlist saved to stv6.m3u with header #EXTM3U
2026-09-13 11:09:02 [INFO] === Scraper run finished ===
2026-09-13 15:40:38 [INFO] === Scraper run started ===
2026-09-13 15:40:38 [INFO] Starting download: https://raw.githubusercontent.com/shibilvp862/shibilvpm3uplaylist/main/Sports%20Backup.m3u
2026-09-13 15:40:38 [INFO] Download successful
2026-09-13 15:40:38 [INFO] Playlist saved to stv6.m3u with header #EXTM3U
2026-09-13 15:40:38 [INFO] === Scraper run finished ===
2026-09-13 20:22:43 [INFO] === Scraper run started ===
2026-09-13 20:22:43 [INFO] Starting download: https://raw.githubusercontent.com/shibilvp862/shibilvpm3uplaylist/main/Sports%20Backup.m3u
2026-09-13 20:22:44 [INFO] Download successful
2026-09-13 20:22:44 [INFO] Playlist saved to stv6.m3u with header #EXTM3U
2026-09-13 20:22:44 [INFO] === Scraper run finished ===
2026-09-14 03:33:30 [INFO] === Scraper run started ===
2026-09-14 03:33:30 [INFO] Starting download: https://raw.githubusercontent.com/shibilvp862/shibilvpm3uplaylist/main/Sports%20Backup.m3u
2026-09-14 03:33:30 [INFO] Download successful
2026-09-14 03:33:30 [INFO] Playlist saved to stv6.m3u with header #EXTM3U
2026-09-14 03:33:30 [INFO] === Scraper run finished ===
2026-09-14 11:54:10 [INFO] === Scraper run started ===
2026-09-14 11:54:10 [INFO] Starting download: https://raw.githubusercontent.com/shibilvp862/shibilvpm3uplaylist/main/Sports%20Backup.m3u
2026-09-14 11:54:11 [INFO] Download successful
2026-09-14 11:54:11 [INFO] Playlist saved to stv6.m3u with header #EXTM3U
2026-09-14 11:54:11 [INFO] === Scraper run finished ===
2026-09-14 17:46:13 [INFO] === Scraper run started ===
2026-09-14 17:46:13 [INFO] Starting download: https://raw.githubusercontent.com/shibilvp862/shibilvpm3uplaylist/main/Sports%20Backup.m3u
2026-09-14 17:46:14 [INFO] Download successful
2026-09-14 17:46:14 [INFO] Playlist saved to stv6.m3u with header #EXTM3U
2026-09-14 17:46:14 [INFO] === Scraper run finished ===
2026-09-14 21:31:57 [INFO] === Scraper run started ===
2026-09-14 21:31:57 [INFO] Starting download: https://raw.githubusercontent.com/shibilvp862/shibilvpm3uplaylist/main/Sports%20Backup.m3u
2026-09-14 21:31:57 [INFO] Download successful
2026-09-14 21:31:57 [INFO] Playlist saved to stv6.m3u with header #EXTM3U
2026-09-14 21:31:57 [INFO] === Scraper run finished ===
2026-09-15 03:34:23 [INFO] === Scraper run started ===
2026-09-15 03:34:23 [INFO] Starting download: https://raw.githubusercontent.com/shibilvp862/shibilvpm3uplaylist/main/Sports%20Backup.m3u
2026-09-15 03:34:24 [INFO] Download successful
2026-09-15 03:34:24 [INFO] Playlist saved to stv6.m3u with header #EXTM3U
2026-09-15 03:34:24 [INFO] === Scraper run finished ===
2026-09-15 11:09:48 [INFO] === Scraper run started ===
2026-09-15 11:09:48 [INFO] Starting download: https://raw.githubusercontent.com/shibilvp862/shibilvpm3uplaylist/main/Sports%20Backup.m3u
2026-09-15 11:09:48 [INFO] Download successful
2026-09-15 11:09:48 [INFO] Playlist saved to stv6.m3u with header #EXTM3U
2026-09-15 11:09:48 [INFO] === Scraper run finished ===
2026-09-15 16:20:33 [INFO] === Scraper run started ===
2026-09-15 16:20:33 [INFO] Starting download: https://raw.githubusercontent.com/shibilvp862/shibilvpm3uplaylist/main/Sports%20Backup.m3u
2026-09-15 16:20:33 [INFO] Download successful
2026-09-15 16:20:34 [INFO] Playlist saved to stv6.m3u with header #EXTM3U
2026-09-15 16:20:34 [INFO] === Scraper run finished ===
2026-09-15 20:54:33 [INFO] === Scraper run started ===
2026-09-15 20:54:33 [INFO] Starting download: https://raw.githubusercontent.com/shibilvp862/shibilvpm3uplaylist/main/Sports%20Backup.m3u
2026-09-15 20:54:33 [INFO] Download successful
2026-09-15 20:54:33 [INFO] Playlist saved to stv6.m3u with header #EXTM3U
2026-09-15 20:54:33 [INFO] === Scraper run finished ===
2026-09-16 03:30:32 [INFO] === Scraper run started ===
2026-09-16 03:30:32 [INFO] Starting download: https://raw.githubusercontent.com/shibilvp862/shibilvpm3uplaylist/main/Sports%20Backup.m3u
2026-09-16 03:30:32 [INFO] Download successful
2026-09-16 03:30:32 [INFO] Playlist saved to stv6.m3u with header #EXTM3U
2026-09-16 03:30:32 [INFO] === Scraper run finished ===
2026-09-16 10:54:21 [INFO] === Scraper run started ===
2026-09-16 10:54:21 [INFO] Starting download: https://raw.githubusercontent.com/shibilvp862/shibilvpm3uplaylist/main/Sports%20Backup.m3u
2026-09-16 10:54:21 [INFO] Download successful
2026-09-16 10:54:21 [INFO] Playlist saved to stv6.m3u with header #EXTM3U
2026-09-16 10:54:21 [INFO] === Scraper run finished ===
2026-09-16 16:12:37 [INFO] === Scraper run started ===
2026-09-16 16:12:37 [INFO] Starting download: https://raw.githubusercontent.com/shibilvp862/shibilvpm3uplaylist/main/Sports%20Backup.m3u
2026-09-16 16:12:37 [INFO] Download successful
2026-09-16 16:12:37 [INFO] Playlist saved to stv6.m3u with header #EXTM3U
2026-09-16 16:12:37 [INFO] === Scraper run finished ===
2026-09-16 20:54:51 [INFO] === Scraper run started ===
2026-09-16 20:54:51 [INFO] Starting download: https://raw.githubusercontent.com/shibilvp862/shibilvpm3uplaylist/main/Sports%20Backup.m3u
2026-09-16 20:54:51 [INFO] Download successful
2026-09-16 20:54:51 [INFO] Playlist saved to stv6.m3u with header #EXTM3U
2026-09-16 20:54:51 [INFO] === Scraper run finished ===
2026-09-17 03:36:05 [INFO] === Scraper run started ===
2026-09-17 03:36:05 [INFO] Starting download: https://raw.githubusercontent.com/shibilvp862/shibilvpm3uplaylist/main/Sports%20Backup.m3u
2026-09-17 03:36:05 [INFO] Download successful
2026-09-17 03:36:05 [INFO] Playlist saved to stv6.m3u with header #EXTM3U
2026-09-17 03:36:05 [INFO] === Scraper run finished ===
